NIEDODANE inward: US2369/ outward: TC6139/B2B2-14384
NIEDODANE inward: US2369/ outward: TC6142/B2B2-14386
NIEDODANE inward: US2369/ outward: TC6143/B2B2-14388
NIEDODANE inward: US2371/ outward: TC5501/B2B2-13238
NIEDODANE inward: US2379/ outward: TC5519/B2B2-13247
NIEDODANE inward: US2380/ outward: TC5531/B2B2-13276
NIEDODANE inward: US2380/ outward: TC5532/B2B2-13278
NIEDODANE inward: US2380/ outward: TC5533/B2B2-13282
NIEDODANE inward: US2380/ outward: TC5534/B2B2-13285
NIEDODANE inward: US2380/ outward: TC5535/B2B2-13287
NIEDODANE inward: US2381/ outward: TC6061/B2B2-13989
NIEDODANE inward: US2383/ outward: TC5522/B2B2-13255
NIEDODANE inward: US2390/ outward: DE4636/B2B2-4485
NIEDODANE inward: US2390/ outward: TC6043/B2B2-13961
NIEDODANE inward: US2391/ outward: TC6084/B2B2-14047
NIEDODANE inward: US2394/B2B2-9366 outward: TC6981/
NIEDODANE inward: US2405/ outward: TC6031/B2B2-13932
NIEDODANE inward: US2405/ outward: TC6032/B2B2-13934
NIEDODANE inward: US2408/ outward: TC6038/B2B2-13943
NIEDODANE inward: US2408/ outward: TC6039/B2B2-13947
NIEDODANE inward: US2408/ outward: TC6040/B2B2-13957
NIEDODANE inward: US2409/ outward: TC6050/B2B2-13967
NIEDODANE inward: US2409/ outward: TC6086/B2B2-14062
NIEDODANE inward: US2410/ outward: TC6044/B2B2-13963
NIEDODANE inward: US2415/ outward: TC6067/B2B2-14019
NIEDODANE inward: US2415/ outward: TC6098/B2B2-14084
NIEDODANE inward: US2424/ outward: TC6045/B2B2-13964
NIEDODANE inward: US2431/ outward: TC6096/B2B2-14071
NIEDODANE inward: US2431/ outward: TC6097/B2B2-14083
NIEDODANE inward: US2431/ outward: TC6133/B2B2-14379
NIEDODANE inward: US2438/ outward: TC5520/B2B2-13249
NIEDODANE inward: US2492/ outward: TC6064/B2B2-14001
NIEDODANE inward: US2495/ outward: TC6093/B2B2-14067
NIEDODANE inward: US2496/ outward: TC6066/B2B2-14004
NIEDODANE inward: US2496/ outward: TC6090/B2B2-14075
NIEDODANE inward: US2496/ outward: TC6091/B2B2-14078
NIEDODANE inward: US2496/ outward: TC6092/B2B2-14080
NIEDODANE inward: US2516/ outward: TC6184/B2B2-14489
NIEDODANE inward: US2523/ outward: TC6500/B2B2-14818
NIEDODANE inward: US2523/ outward: TC6501/B2B2-14816
NIEDODANE inward: US2573/ outward: DE4956/B2B2-4793
NIEDODANE inward: US2573/ outward: TC6502/B2B2-14823
NIEDODANE inward: US2573/ outward: TC6503/B2B2-14820
NIEDODANE inward: US2585/ outward: DE4614/B2B2-4463
NIEDODANE inward: US2593/B2B2-9368 outward: TC6979/
NIEDODANE inward: US2643/B2B2-9369 outward: TC6977/
NIEDODANE inward: US2643/B2B2-9369 outward: TC6978/
NIEDODANE inward: US2646/ outward: TC6567/B2B2-14246
NIEDODANE inward: US2647/ outward: TC6563/B2B2-14226
NIEDODANE inward: US2682/B2B2-9384 outward: TC6972/
NIEDODANE inward: US2687/B2B2-9382 outward: TC6969/
NIEDODANE inward: US2687/B2B2-9382 outward: TC6970/
NIEDODANE inward: US2687/B2B2-9382 outward: TC6971/
NIEDODANE inward: US2687/B2B2-9382 outward: TC6973/
NIEDODANE inward: US2687/B2B2-9382 outward: TC6974/
NIEDODANE inward: US2687/B2B2-9382 outward: TC6975/
NIEDODANE inward: US2687/B2B2-9382 outward: TC6976/
NIEDODANE inward: US2688/B2B2-9381 outward: TC6964/
NIEDODANE inward: US2688/B2B2-9381 outward: TC6965/
NIEDODANE inward: US2688/B2B2-9381 outward: TC6966/
NIEDODANE inward: US2688/B2B2-9381 outward: TC6968/
NIEDODANE inward: US2704/ outward: TC6569/B2B2-14851
NIEDODANE inward: US2704/ outward: TC6570/B2B2-14849
NIEDODANE inward: US2710/ outward: TC6561/B2B2-13959
NIEDODANE inward: US2720/B2B2-9378 outward: TC6967/
NIEDODANE inward: US2754/ outward: TC6963/
NIEDODANE inward: US2761/ outward: TC6961/
NIEDODANE inward: US2761/ outward: TC6962/
NIEDODANE inward: US2763/ outward: TC6980/
NIEDODANE inward: US2768/ outward: DE5231/B2B2-5058
NIEDODANE inward: TA1984/ outward: US2343/B2B2-9395
NIEDODANE inward: TA1985/ outward: US2343/B2B2-9395
NIEDODANE inward: TA1986/ outward: US2343/B2B2-9395
NIEDODANE inward: TA1988/ outward: US2343/B2B2-9395
NIEDODANE inward: TA1990/ outward: US2343/B2B2-9395
NIEDODANE inward: TA1991/ outward: US2343/B2B2-9395
NIEDODANE inward: TA1992/ outward: US2343/B2B2-9395
NIEDODANE inward: TA1993/ outward: US2343/B2B2-9395
NIEDODANE inward: TA1994/ outward: US2343/B2B2-9395
NIEDODANE inward: TA1995/ outward: US2343/B2B2-9395
NIEDODANE inward: TA1996/ outward: US2343/B2B2-9395
NIEDODANE inward: TA1997/ outward: US2343/B2B2-9395
NIEDODANE inward: TA2097/B2B2-8153 outward: US2367/
NIEDODANE inward: TA2098/B2B2-8154 outward: US2367/
NIEDODANE inward: TA2099/B2B2-8155 outward: US2367/
NIEDODANE inward: TA2103/B2B2-8156 outward: US2367/
NIEDODANE inward: TA2121/B2B2-8172 outward: US2379/
NIEDODANE inward: TA2122/B2B2-8173 outward: US2379/
NIEDODANE inward: TA2123/B2B2-8174 outward: US2379/
NIEDODANE inward: TA2124/B2B2-8175 outward: US2379/
NIEDODANE inward: TA2125/B2B2-8176 outward: US2379/
NIEDODANE inward: TA2126/B2B2-8177 outward: US2379/
NIEDODANE inward: TA2127/B2B2-8178 outward: US2379/
NIEDODANE inward: TA2128/B2B2-8179 outward: US2379/
NIEDODANE inward: TA2129/B2B2-8180 outward: US2379/
NIEDODANE inward: TA2130/B2B2-8181 outward: US2379/
NIEDODANE inward: TA2131/B2B2-8182 outward: US2380/
NIEDODANE inward: TA2132/B2B2-8183 outward: US2380/
NIEDODANE inward: TA2133/B2B2-8184 outward: US2380/
NIEDODANE inward: TA2173/B2B2-8209 outward: US2406/
NIEDODANE inward: TA2174/B2B2-8210 outward: US2406/
NIEDODANE inward: TA2175/B2B2-8211 outward: US2406/
NIEDODANE inward: TA2176/B2B2-8212 outward: US2406/
NIEDODANE inward: TA2177/B2B2-8213 outward: US2406/
NIEDODANE inward: TA2178/B2B2-8214 outward: US2406/
NIEDODANE inward: TA2179/B2B2-8215 outward: US2406/
NIEDODANE inward: TA2180/B2B2-8216 outward: US2406/
NIEDODANE inward: TA2181/B2B2-8217 outward: US2406/
NIEDODANE inward: TA2182/B2B2-8218 outward: US2406/
NIEDODANE inward: TA2183/B2B2-8219 outward: US2406/
NIEDODANE inward: TA2184/B2B2-8220 outward: US2406/
NIEDODANE inward: TA2335/B2B2-8329 outward: US2438/
NIEDODANE inward: TA2338/B2B2-8330 outward: US2438/
NIEDODANE inward: TA2339/B2B2-8331 outward: US2439/
NIEDODANE inward: TA2340/B2B2-8332 outward: US2439/
NIEDODANE inward: TA2341/B2B2-8333 outward: US2439/
NIEDODANE inward: TA2362/B2B2-8345 outward: US2438/
NIEDODANE inward: TA2369/B2B2-8346 outward: US2372/
NIEDODANE inward: TA2370/B2B2-8347 outward: US2379/
NIEDODANE inward: TA2371/B2B2-8348 outward: US2383/
NIEDODANE inward: TA2372/B2B2-8349 outward: US2383/
NIEDODANE inward: TA2373/B2B2-8350 outward: US2383/
NIEDODANE inward: TA2374/B2B2-8351 outward: US2424/
NIEDODANE inward: TA2376/B2B2-8352 outward: US2379/
NIEDODANE inward: TA2377/B2B2-8353 outward: US2379/
NIEDODANE inward: TA2378/B2B2-8354 outward: US2379/
NIEDODANE inward: TA2380/B2B2-8355 outward: US2424/
NIEDODANE inward: TA2381/B2B2-8356 outward: US2379/
NIEDODANE inward: TA2382/B2B2-8357 outward: US2379/
NIEDODANE inward: TA2383/B2B2-8358 outward: US2379/
NIEDODANE inward: TA2384/B2B2-8359 outward: US2379/
NIEDODANE inward: TA2385/B2B2-8360 outward: US2379/
NIEDODANE inward: TA2407/B2B2-8370 outward: US2372/
NIEDODANE inward: TA2420/B2B2-8381 outward: US2390/
NIEDODANE inward: TA2421/B2B2-8382 outward: US2390/
NIEDODANE inward: TA2422/B2B2-8383 outward: US2390/
NIEDODANE inward: TA2423/B2B2-8384 outward: US2390/
NIEDODANE inward: TA2424/B2B2-8385 outward: US2390/
NIEDODANE inward: TA2425/B2B2-8386 outward: US2410/
NIEDODANE inward: TA2427/B2B2-8387 outward: US2410/
NIEDODANE inward: TA2428/B2B2-8388 outward: US2410/
NIEDODANE inward: TA2429/B2B2-8389 outward: US2410/
NIEDODANE inward: TA2430/B2B2-8390 outward: US2410/
NIEDODANE inward: TA2432/B2B2-8391 outward: US2496/
NIEDODANE inward: TA2433/B2B2-8392 outward: US2496/
NIEDODANE inward: TA2434/B2B2-8393 outward: US2496/
NIEDODANE inward: TA2436/B2B2-8394 outward: US2405/
NIEDODANE inward: TA2437/B2B2-8395 outward: US2405/
NIEDODANE inward: TA2438/B2B2-8396 outward: US2405/
NIEDODANE inward: TA2439/B2B2-8397 outward: US2408/
NIEDODANE inward: TA2440/B2B2-8398 outward: US2408/
NIEDODANE inward: TA2441/B2B2-8399 outward: US2408/
NIEDODANE inward: TA2442/B2B2-8400 outward: US2408/
NIEDODANE inward: TA2443/B2B2-8401 outward: US2409/
NIEDODANE inward: TA2444/B2B2-8402 outward: US2408/
NIEDODANE inward: TA2445/B2B2-8403 outward: US2408/
NIEDODANE inward: TA2446/B2B2-8404 outward: US2408/
NIEDODANE inward: TA2447/B2B2-8405 outward: US2408/
NIEDODANE inward: TA2457/B2B2-8415 outward: US2390/
NIEDODANE inward: TA2458/B2B2-8416 outward: US2390/
NIEDODANE inward: TA2459/B2B2-8417 outward: US2390/
NIEDODANE inward: TA2467/B2B2-8425 outward: US2409/
NIEDODANE inward: TA2468/B2B2-8426 outward: US2369/
NIEDODANE inward: TA2469/B2B2-8427 outward: US2369/
NIEDODANE inward: TA2470/B2B2-8428 outward: US2369/
NIEDODANE inward: TA2471/B2B2-8429 outward: US2369/
NIEDODANE inward: TA2472/B2B2-8430 outward: US2369/
NIEDODANE inward: TA2473/B2B2-8431 outward: US2410/
NIEDODANE inward: TA2488/B2B2-8432 outward: US2409/
NIEDODANE inward: TA2489/B2B2-8433 outward: US2409/
NIEDODANE inward: TA2507/B2B2-8434 outward: US2408/
NIEDODANE inward: TA2508/B2B2-8435 outward: US2408/
NIEDODANE inward: TA2529/B2B2-8454 outward: US2492/
NIEDODANE inward: TA2530/B2B2-8455 outward: US2492/
NIEDODANE inward: TA2531/B2B2-8456 outward: US2492/
NIEDODANE inward: TA2532/B2B2-8457 outward: US2381/
NIEDODANE inward: TA2533/B2B2-8458 outward: US2381/
NIEDODANE inward: TA2534/B2B2-8459 outward: US2381/
NIEDODANE inward: TA2535/B2B2-8460 outward: US2381/
NIEDODANE inward: TA2536/B2B2-8461 outward: US2415/
NIEDODANE inward: TA2541/B2B2-8462 outward: US2415/
NIEDODANE inward: TA2542/B2B2-8463 outward: US2415/
NIEDODANE inward: TA2543/B2B2-8464 outward: US2415/
NIEDODANE inward: TA2564/B2B2-8477 outward: US2415/
NIEDODANE inward: TA2593/B2B2-8497 outward: US2391/
NIEDODANE inward: TA2594/B2B2-8498 outward: US2391/
NIEDODANE inward: TA2595/B2B2-8499 outward: US2391/
NIEDODANE inward: TA2596/B2B2-8500 outward: US2391/
NIEDODANE inward: TA2597/B2B2-8501 outward: US2391/
NIEDODANE inward: TA2598/B2B2-8502 outward: US2391/
NIEDODANE inward: TA2599/B2B2-8503 outward: US2391/
NIEDODANE inward: TA2619/B2B2-8522 outward: US2415/
NIEDODANE inward: TA2620/B2B2-8523 outward: US2369/
NIEDODANE inward: TA2621/B2B2-8524 outward: US2516/
NIEDODANE inward: TA2622/B2B2-8525 outward: US2516/
NIEDODANE inward: TA2623/B2B2-8526 outward: US2516/
NIEDODANE inward: TA2624/B2B2-8527 outward: US2516/
NIEDODANE inward: TA2625/B2B2-8528 outward: US2516/
NIEDODANE inward: TA2628/B2B2-8529 outward: US2415/
NIEDODANE inward: TA2640/B2B2-8538 outward: US2415/
NIEDODANE inward: TA2641/B2B2-8539 outward: US2415/
NIEDODANE inward: TA2643/B2B2-8540 outward: US2415/
NIEDODANE inward: TA2644/B2B2-8541 outward: US2415/
NIEDODANE inward: TA2645/B2B2-8542 outward: US2415/
NIEDODANE inward: TA2646/B2B2-8543 outward: US2415/
NIEDODANE inward: TA2647/B2B2-8544 outward: US2431/
NIEDODANE inward: TA2648/B2B2-8545 outward: US2431/
NIEDODANE inward: TA2649/B2B2-8546 outward: US2431/
NIEDODANE inward: TA2650/B2B2-8547 outward: US2431/
NIEDODANE inward: TA2651/B2B2-8548 outward: US2431/
NIEDODANE inward: TA2808/B2B2-8693 outward: US2579/
NIEDODANE inward: TA2809/B2B2-8694 outward: US2579/
NIEDODANE inward: TA2810/B2B2-8695 outward: US2579/
NIEDODANE inward: TA2811/B2B2-8696 outward: US2579/
NIEDODANE inward: TA2812/B2B2-8697 outward: US2579/
NIEDODANE inward: TA2892/B2B2-8764 outward: US2649/
NIEDODANE inward: TA2893/B2B2-8765 outward: US2649/
NIEDODANE inward: TA2894/B2B2-8766 outward: US2649/
NIEDODANE inward: TA2895/B2B2-8767 outward: US2649/
NIEDODANE inward: TA2896/B2B2-8768 outward: US2649/
NIEDODANE inward: TA2897/B2B2-8769 outward: US2649/
NIEDODANE inward: TA2898/B2B2-8770 outward: US2649/
NIEDODANE inward: TA2899/B2B2-8771 outward: US2649/
NIEDODANE inward: TA2900/B2B2-8772 outward: US2649/
NIEDODANE inward: TA2901/B2B2-8773 outward: US2649/
NIEDODANE inward: TA2902/B2B2-8774 outward: US2649/
NIEDODANE inward: TA2903/B2B2-8775 outward: US2649/
NIEDODANE inward: TA2912/B2B2-8784 outward: US2649/
NIEDODANE inward: TA2914/B2B2-8786 outward: US2574/
NIEDODANE inward: TA2916/B2B2-8788 outward: US2427/
NIEDODANE inward: TA2917/B2B2-8789 outward: US2427/
NIEDODANE inward: TA2918/B2B2-8790 outward: US2427/
NIEDODANE inward: TA2919/B2B2-8791 outward: US2427/
NIEDODANE inward: TA2920/B2B2-8792 outward: US2427/
NIEDODANE inward: TA2921/B2B2-8793 outward: US2427/
NIEDODANE inward: TA2923/B2B2-8795 outward: US2427/
NIEDODANE inward: TA2924/B2B2-8796 outward: US2427/
NIEDODANE inward: TA2925/B2B2-8797 outward: US2427/
NIEDODANE inward: TA3017/B2B2-8875 outward: US2523/
NIEDODANE inward: TA3018/B2B2-8876 outward: US2523/
NIEDODANE inward: TA3020/B2B2-8877 outward: US2523/
NIEDODANE inward: TA3022/B2B2-8878 outward: US2523/
NIEDODANE inward: TA3023/B2B2-8879 outward: US2523/
NIEDODANE inward: TA3024/B2B2-8880 outward: US2523/
NIEDODANE inward: TA3025/B2B2-8881 outward: US2573/
NIEDODANE inward: TA3026/B2B2-8882 outward: US2573/
NIEDODANE inward: TA3027/B2B2-8883 outward: US2573/
NIEDODANE inward: TA3028/B2B2-8884 outward: US2573/
NIEDODANE inward: TA3082/B2B2-8932 outward: US2573/
NIEDODANE inward: TA3083/B2B2-8933 outward: US2573/
NIEDODANE inward: TA3084/B2B2-8934 outward: US2573/
NIEDODANE inward: TA3120/B2B2-8969 outward: US2671/
NIEDODANE inward: TA3121/B2B2-8970 outward: US2671/
NIEDODANE inward: TA3122/B2B2-8971 outward: US2671/
NIEDODANE inward: TA3123/B2B2-8972 outward: US2671/
NIEDODANE inward: TA3124/B2B2-8973 outward: US2671/
NIEDODANE inward: TA3125/B2B2-8974 outward: US2671/
NIEDODANE inward: TA3126/B2B2-8975 outward: US2671/
NIEDODANE inward: TA3127/B2B2-8976 outward: US2671/
NIEDODANE inward: TA3128/B2B2-8977 outward: US2671/
NIEDODANE inward: TA3129/B2B2-8978 outward: US2671/
NIEDODANE inward: TA3130/B2B2-8979 outward: US2671/
NIEDODANE inward: TA3131/B2B2-8980 outward: US2671/
NIEDODANE inward: TA3132/B2B2-8981 outward: US2671/
NIEDODANE inward: TA3133/B2B2-8982 outward: US2671/
NIEDODANE inward: TA3134/B2B2-8983 outward: US2671/
NIEDODANE inward: TA3135/B2B2-8984 outward: US2671/
NIEDODANE inward: TA3136/B2B2-8985 outward: US2671/
NIEDODANE inward: TA3137/B2B2-8986 outward: US2671/
NIEDODANE inward: TA3138/B2B2-8987 outward: US2671/
NIEDODANE inward: TA3139/B2B2-8988 outward: US2671/
NIEDODANE inward: TA3140/B2B2-8989 outward: US2671/
NIEDODANE inward: TA3141/B2B2-8990 outward: US2671/
NIEDODANE inward: TA3142/B2B2-8991 outward: US2671/
NIEDODANE inward: TA3143/B2B2-8992 outward: US2671/
NIEDODANE inward: TA3144/B2B2-8993 outward: US2671/
NIEDODANE inward: TA3145/B2B2-8994 outward: US2671/
NIEDODANE inward: TA3146/B2B2-8995 outward: US2672/
NIEDODANE inward: TA3147/B2B2-8996 outward: US2672/
NIEDODANE inward: TA3148/B2B2-8997 outward: US2672/
NIEDODANE inward: TA3149/B2B2-8998 outward: US2672/
NIEDODANE inward: TA3150/B2B2-8999 outward: US2672/
NIEDODANE inward: TA3151/B2B2-9000 outward: US2672/
NIEDODANE inward: TA3152/B2B2-9001 outward: US2672/
NIEDODANE inward: TA3153/B2B2-9002 outward: US2672/
NIEDODANE inward: TA3154/B2B2-9003 outward: US2672/
NIEDODANE inward: TA3155/B2B2-9004 outward: US2672/
NIEDODANE inward: TA3156/B2B2-9005 outward: US2672/
NIEDODANE inward: TA3157/B2B2-9006 outward: US2672/
NIEDODANE inward: TA3158/B2B2-9007 outward: US2672/
NIEDODANE inward: TA3159/B2B2-9008 outward: US2672/
NIEDODANE inward: TA3160/B2B2-9009 outward: US2672/
NIEDODANE inward: TA3161/B2B2-9010 outward: US2672/
NIEDODANE inward: TA3162/B2B2-9011 outward: US2672/
NIEDODANE inward: TA3163/B2B2-9012 outward: US2672/
NIEDODANE inward: TA3164/B2B2-9013 outward: US2672/
NIEDODANE inward: TA3165/B2B2-9014 outward: US2672/
NIEDODANE inward: TA3166/B2B2-9015 outward: US2672/
NIEDODANE inward: TA3167/B2B2-9016 outward: US2672/
NIEDODANE inward: TA3168/B2B2-9017 outward: US2672/
NIEDODANE inward: TA3169/B2B2-9018 outward: US2672/
NIEDODANE inward: TA3170/B2B2-9019 outward: US2672/
NIEDODANE inward: TA3171/B2B2-9020 outward: US2672/
NIEDODANE inward: TA3172/B2B2-9021 outward: US2673/
NIEDODANE inward: TA3173/B2B2-9022 outward: US2673/
NIEDODANE inward: TA3174/B2B2-9023 outward: US2673/
NIEDODANE inward: TA3175/B2B2-9024 outward: US2673/
NIEDODANE inward: TA3176/B2B2-9025 outward: US2673/
NIEDODANE inward: TA3177/B2B2-9026 outward: US2673/
NIEDODANE inward: TA3178/B2B2-9027 outward: US2673/
NIEDODANE inward: TA3179/B2B2-9028 outward: US2673/
NIEDODANE inward: TA3180/B2B2-9029 outward: US2673/
NIEDODANE inward: TA3181/B2B2-9030 outward: US2673/
NIEDODANE inward: TA3182/B2B2-9031 outward: US2673/
NIEDODANE inward: TA3183/B2B2-9032 outward: US2673/
NIEDODANE inward: TA3184/B2B2-9033 outward: US2673/
NIEDODANE inward: TA3185/B2B2-9034 outward: US2673/
NIEDODANE inward: TA3186/B2B2-9035 outward: US2673/
NIEDODANE inward: TA3187/B2B2-9036 outward: US2673/
NIEDODANE inward: TA3188/B2B2-9037 outward: US2673/
NIEDODANE inward: TA3189/B2B2-9038 outward: US2673/
NIEDODANE inward: TA3190/B2B2-9039 outward: US2673/
NIEDODANE inward: TA3191/B2B2-9040 outward: US2673/
NIEDODANE inward: TA3192/B2B2-9041 outward: US2673/
NIEDODANE inward: TA3193/B2B2-9042 outward: US2673/
NIEDODANE inward: TA3194/B2B2-9043 outward: US2673/
NIEDODANE inward: TA3195/B2B2-9044 outward: US2673/
NIEDODANE inward: TA3196/B2B2-9045 outward: US2673/
NIEDODANE inward: TA3197/B2B2-9046 outward: US2673/
NIEDODANE inward: TA3198/B2B2-9047 outward: US2673/
NIEDODANE inward: TA3199/B2B2-9048 outward: US2674/
NIEDODANE inward: TA3200/B2B2-9049 outward: US2674/
NIEDODANE inward: TA3201/B2B2-9050 outward: US2674/
NIEDODANE inward: TA3202/B2B2-9051 outward: US2674/
NIEDODANE inward: TA3203/B2B2-9052 outward: US2674/
NIEDODANE inward: TA3204/B2B2-9053 outward: US2675/
NIEDODANE inward: TA3205/B2B2-9054 outward: US2675/
NIEDODANE inward: TA3206/B2B2-9055 outward: US2675/
NIEDODANE inward: TA3207/B2B2-9056 outward: US2675/
NIEDODANE inward: TA3208/B2B2-9057 outward: US2675/
NIEDODANE inward: TA3209/B2B2-9058 outward: US2673/
NIEDODANE inward: TA3217/B2B2-9064 outward: US2678/
NIEDODANE inward: TA3218/B2B2-9065 outward: US2678/
NIEDODANE inward: TA3238/B2B2-9082 outward: US2689/
NIEDODANE inward: TA3241/B2B2-9084 outward: US2691/
NIEDODANE inward: TA3242/B2B2-9085 outward: US2691/
NIEDODANE inward: TA3243/B2B2-9086 outward: US2691/
NIEDODANE inward: TA3244/B2B2-9087 outward: US2691/
NIEDODANE inward: TA3245/B2B2-9088 outward: US2691/
NIEDODANE inward: TA3255/B2B2-9097 outward: US2671/
NIEDODANE inward: TA3259/B2B2-9101 outward: US2673/
NIEDODANE inward: TA3260/B2B2-9102 outward: US2673/
NIEDODANE inward: TA3261/B2B2-9103 outward: US2673/
NIEDODANE inward: TA3262/B2B2-9104 outward: US2673/
NIEDODANE inward: TA3263/B2B2-9105 outward: US2673/
NIEDODANE inward: TA3264/B2B2-9106 outward: US2673/
NIEDODANE inward: TA3359/B2B2-9162 outward: US2704/
NIEDODANE inward: TA3360/B2B2-9163 outward: US2704/
NIEDODANE inward: TA3361/B2B2-9164 outward: US2704/
NIEDODANE inward: TA3362/B2B2-9165 outward: US2704/
NIEDODANE inward: TA3363/B2B2-9166 outward: US2704/
NIEDODANE inward: TA3364/B2B2-9167 outward: US2704/
NIEDODANE inward: TA3365/B2B2-9168 outward: US2704/
NIEDODANE inward: TA3366/B2B2-9169 outward: US2704/
NIEDODANE inward: TA3368/B2B2-9171 outward: US2672/
NIEDODANE inward: TA3373/ outward: US2718/B2B2-9390
NIEDODANE inward: TA3374/ outward: US2718/B2B2-9390
NIEDODANE inward: TA3428/B2B2-9225 outward: US2733/
NIEDODANE inward: TA3453/B2B2-9243 outward: US2733/
NIEDODANE inward: TA3454/B2B2-9244 outward: US2733/
NIEDODANE inward: TA3455/B2B2-9245 outward: US2733/
NIEDODANE inward: TA3457/B2B2-9246 outward: US2733/
NIEDODANE inward: TA3458/B2B2-9247 outward: US2733/
NIEDODANE inward: TA3459/B2B2-9248 outward: US2733/
NIEDODANE inward: TA3460/B2B2-9249 outward: US2733/
NIEDODANE inward: TA3461/B2B2-9250 outward: US2733/
NIEDODANE inward: TA3462/B2B2-9251 outward: US2733/
NIEDODANE inward: TA3463/B2B2-9252 outward: US2733/
NIEDODANE inward: TA3464/B2B2-9253 outward: US2733/
NIEDODANE inward: TA3465/B2B2-9254 outward: US2733/
NIEDODANE inward: TA3507/B2B2-9296 outward: US2733/
NIEDODANE inward: TA3527/B2B2-9316 outward: US2733/
NIEDODANE inward: TA3529/B2B2-9318 outward: US2731/
NIEDODANE inward: TA3530/B2B2-9319 outward: US2731/
NIEDODANE inward: TA3531/B2B2-9320 outward: US2731/
NIEDODANE inward: TA3532/B2B2-9321 outward: US2731/
NIEDODANE inward: TA3575/B2B2-9363 outward: US2741/
NIEDODANE inward: TA3576/B2B2-9364 outward: US2741/
NIEDODANE inward: TA3577/B2B2-9365 outward: US2741/
NIEDODANE inward: TA3578/B2B2-9366 outward: US2741/
NIEDODANE inward: TA3579/B2B2-9367 outward: US2741/
NIEDODANE inward: TA3580/B2B2-9368 outward: US2741/
NIEDODANE inward: TA3581/B2B2-9369 outward: US2741/
NIEDODANE inward: TA3582/B2B2-9370 outward: US2741/
NIEDODANE inward: TA3583/B2B2-9371 outward: US2741/
NIEDODANE inward: TA3584/B2B2-9372 outward: US2741/
NIEDODANE inward: TA3585/B2B2-9373 outward: US2741/
NIEDODANE inward: TA3586/B2B2-9374 outward: US2741/
NIEDODANE inward: TA3587/B2B2-9375 outward: US2741/
NIEDODANE inward: TA3588/B2B2-9376 outward: US2741/
NIEDODANE inward: TA3589/B2B2-9377 outward: US2741/
NIEDODANE inward: TA3590/B2B2-9378 outward: US2741/
NIEDODANE inward: TA3591/B2B2-9379 outward: US2741/
NIEDODANE inward: TA3592/B2B2-9380 outward: US2741/
NIEDODANE inward: TA3593/B2B2-9381 outward: US2741/
NIEDODANE inward: TA3594/B2B2-9382 outward: US2741/
NIEDODANE inward: TA3595/B2B2-9383 outward: US2741/
NIEDODANE inward: TA3596/B2B2-9384 outward: US2741/
NIEDODANE inward: TA3597/B2B2-9385 outward: US2741/
NIEDODANE inward: TA3598/B2B2-9386 outward: US2741/
NIEDODANE inward: TA3599/B2B2-9387 outward: US2741/
NIEDODANE inward: TA3600/B2B2-9388 outward: US2741/
NIEDODANE inward: TA3601/B2B2-9389 outward: US2741/
NIEDODANE inward: TA3602/B2B2-9390 outward: US2741/
NIEDODANE inward: TA3603/B2B2-9391 outward: US2741/
NIEDODANE inward: TA3604/B2B2-9392 outward: US2741/
NIEDODANE inward: TA3605/B2B2-9393 outward: US2741/
NIEDODANE inward: TA3606/B2B2-9394 outward: US2741/
NIEDODANE inward: TA3607/B2B2-9395 outward: US2741/
NIEDODANE inward: TA3608/B2B2-9396 outward: US2741/
NIEDODANE inward: TA3609/B2B2-9397 outward: US2741/
NIEDODANE inward: TA3610/B2B2-9398 outward: US2741/
NIEDODANE inward: TA3611/B2B2-9399 outward: US2742/
NIEDODANE inward: TA3612/B2B2-9400 outward: US2742/
NIEDODANE inward: TA3613/B2B2-9401 outward: US2742/
NIEDODANE inward: TA3614/B2B2-9402 outward: US2742/
NIEDODANE inward: TA3615/B2B2-9403 outward: US2742/
NIEDODANE inward: TA3616/B2B2-9404 outward: US2742/
NIEDODANE inward: TA3617/B2B2-9405 outward: US2742/
NIEDODANE inward: TA3618/B2B2-9406 outward: US2742/
NIEDODANE inward: TA3619/B2B2-9407 outward: US2742/
NIEDODANE inward: TA3620/B2B2-9408 outward: US2742/
NIEDODANE inward: TA3621/B2B2-9409 outward: US2742/
NIEDODANE inward: TA3622/B2B2-9410 outward: US2742/
NIEDODANE inward: TA3623/B2B2-9411 outward: US2742/
NIEDODANE inward: TA3624/B2B2-9412 outward: US2742/
NIEDODANE inward: TA3625/B2B2-9413 outward: US2742/
NIEDODANE inward: TA3626/B2B2-9414 outward: US2742/
NIEDODANE inward: TA3627/B2B2-9415 outward: US2742/
NIEDODANE inward: TA3628/B2B2-9416 outward: US2742/
NIEDODANE inward: TA3629/B2B2-9417 outward: US2742/
NIEDODANE inward: TA3630/B2B2-9418 outward: US2742/
NIEDODANE inward: TA3631/B2B2-9419 outward: US2742/
NIEDODANE inward: TA3632/B2B2-9420 outward: US2742/
NIEDODANE inward: TA3633/B2B2-9421 outward: US2742/
NIEDODANE inward: TA3634/B2B2-9422 outward: US2742/
NIEDODANE inward: TA3635/B2B2-9423 outward: US2742/
NIEDODANE inward: TA3636/B2B2-9424 outward: US2742/
NIEDODANE inward: TA3637/B2B2-9425 outward: US2742/
NIEDODANE inward: TA3638/B2B2-9426 outward: US2742/
NIEDODANE inward: TA3639/B2B2-9427 outward: US2742/
NIEDODANE inward: TA3640/B2B2-9428 outward: US2742/
NIEDODANE inward: TA3641/B2B2-9429 outward: US2742/
NIEDODANE inward: TA3642/B2B2-9430 outward: US2742/
NIEDODANE inward: TA3643/B2B2-9431 outward: US2742/
NIEDODANE inward: TA3644/B2B2-9432 outward: US2742/
NIEDODANE inward: TA3645/B2B2-9433 outward: US2742/
NIEDODANE inward: TA3646/B2B2-9434 outward: US2742/
NIEDODANE inward: TA3647/B2B2-9435 outward: US2745/
NIEDODANE inward: TA3648/B2B2-9436 outward: US2745/
NIEDODANE inward: TA3649/B2B2-9437 outward: US2745/
NIEDODANE inward: TA3650/B2B2-9438 outward: US2745/
NIEDODANE inward: TA3651/B2B2-9439 outward: US2745/
NIEDODANE inward: TA3652/B2B2-9440 outward: US2743/
NIEDODANE inward: TA3653/B2B2-9441 outward: US2743/
NIEDODANE inward: TA3654/B2B2-9442 outward: US2743/
NIEDODANE inward: TA3655/B2B2-9443 outward: US2743/
NIEDODANE inward: TA3656/B2B2-9444 outward: US2743/
NIEDODANE inward: TA3657/B2B2-9445 outward: US2744/
NIEDODANE inward: TA3658/B2B2-9446 outward: US2744/
NIEDODANE inward: TA3659/B2B2-9447 outward: US2744/
NIEDODANE inward: TA3660/B2B2-9448 outward: US2744/
NIEDODANE inward: TA3661/B2B2-9449 outward: US2744/
NIEDODANE inward: TA3662/B2B2-9450 outward: US2744/
NIEDODANE inward: TA3663/B2B2-9451 outward: US2744/
NIEDODANE inward: TA3664/B2B2-9452 outward: US2744/
NIEDODANE inward: TA3665/B2B2-9453 outward: US2744/
NIEDODANE inward: TA3666/B2B2-9454 outward: US2744/
NIEDODANE inward: TA3667/B2B2-9455 outward: US2744/
NIEDODANE inward: TA3668/B2B2-9456 outward: US2744/
NIEDODANE inward: TA3669/B2B2-9457 outward: US2744/
NIEDODANE inward: TA3670/B2B2-9458 outward: US2744/
NIEDODANE inward: TA3671/B2B2-9459 outward: US2744/
NIEDODANE inward: TA3672/B2B2-9460 outward: US2744/
NIEDODANE inward: TA3673/B2B2-9461 outward: US2744/
NIEDODANE inward: TA3674/B2B2-9462 outward: US2744/
NIEDODANE inward: TA3675/B2B2-9463 outward: US2744/
NIEDODANE inward: TA3676/B2B2-9464 outward: US2744/
NIEDODANE inward: TA3677/B2B2-9465 outward: US2744/
NIEDODANE inward: TA3678/B2B2-9466 outward: US2744/
NIEDODANE inward: TA3679/B2B2-9467 outward: US2744/
NIEDODANE inward: TA3680/B2B2-9468 outward: US2744/
NIEDODANE inward: TA3681/B2B2-9469 outward: US2744/
NIEDODANE inward: TA3682/B2B2-9470 outward: US2744/
NIEDODANE inward: TA3683/B2B2-9471 outward: US2744/
NIEDODANE inward: TA3684/B2B2-9472 outward: US2744/
NIEDODANE inward: TA3685/B2B2-9473 outward: US2744/
NIEDODANE inward: TA3686/B2B2-9474 outward: US2744/
NIEDODANE inward: TA3687/B2B2-9475 outward: US2744/
NIEDODANE inward: TA3688/B2B2-9476 outward: US2744/
NIEDODANE inward: TA3689/B2B2-9477 outward: US2744/
NIEDODANE inward: TA3690/B2B2-9478 outward: US2744/
NIEDODANE inward: TA3691/B2B2-9479 outward: US2744/
NIEDODANE inward: TA3692/B2B2-9480 outward: US2744/
NIEDODANE inward: TA3727/B2B2-9498 outward: US2753/
NIEDODANE inward: TA3728/B2B2-9499 outward: US2753/
NIEDODANE inward: TA3735/B2B2-9500 outward: US2753/
NIEDODANE inward: TA3736/B2B2-9501 outward: US2754/
NIEDODANE inward: TA3737/B2B2-9502 outward: US2754/
NIEDODANE inward: TA3738/B2B2-9503 outward: US2754/
NIEDODANE inward: TA3739/B2B2-9504 outward: US2754/
NIEDODANE inward: TA3740/B2B2-9505 outward: US2754/
NIEDODANE inward: TA3741/B2B2-9506 outward: US2754/
NIEDODANE inward: TA3742/B2B2-9507 outward: US2754/
NIEDODANE inward: TA3743/B2B2-9508 outward: US2754/
NIEDODANE inward: TA3744/B2B2-9509 outward: US2754/
NIEDODANE inward: TA3745/B2B2-9510 outward: US2754/
NIEDODANE inward: TA3781/B2B2-9541 outward: US2749/
NIEDODANE inward: TA3794/B2B2-9552 outward: US2761/
NIEDODANE inward: TA3795/B2B2-9553 outward: US2761/
NIEDODANE inward: TA3796/ outward: US2761/
NIEDODANE inward: TA3797/ outward: US2761/
NIEDODANE inward: TA3798/ outward: US2761/
NIEDODANE inward: TA3799/ outward: US2761/
NIEDODANE inward: TA3800/ outward: US2761/
NIEDODANE inward: TA3801/ outward: US2761/
NIEDODANE inward: TA3802/ outward: US2761/
NIEDODANE inward: TA3803/B2B2-9554 outward: US2761/
NIEDODANE inward: TA3804/B2B2-9555 outward: US2761/
NIEDODANE inward: TA3805/B2B2-9556 outward: US2761/
NIEDODANE inward: TA3806/B2B2-9557 outward: US2761/
NIEDODANE inward: TA3807/B2B2-9558 outward: US2761/
NIEDODANE inward: TA3808/B2B2-9559 outward: US2761/
NIEDODANE inward: TA3809/B2B2-9560 outward: US2762/
NIEDODANE inward: TA3810/B2B2-9561 outward: US2762/
NIEDODANE inward: TA3811/B2B2-9562 outward: US2762/
NIEDODANE inward: TA3812/B2B2-9563 outward: US2762/
NIEDODANE inward: TA3813/B2B2-9564 outward: US2762/
NIEDODANE inward: TA3814/B2B2-9565 outward: US2762/
NIEDODANE inward: TA3815/B2B2-9566 outward: US2762/
NIEDODANE inward: TA3816/B2B2-9567 outward: US2762/
NIEDODANE inward: TA3817/B2B2-9568 outward: US2762/
NIEDODANE inward: TA3818/B2B2-9569 outward: US2762/
NIEDODANE inward: TA3819/B2B2-9570 outward: US2762/
NIEDODANE inward: TA3820/B2B2-9571 outward: US2762/
NIEDODANE inward: TA3821/B2B2-9572 outward: US2762/
NIEDODANE inward: TA3822/B2B2-9573 outward: US2762/
NIEDODANE inward: TA3823/B2B2-9574 outward: US2762/
NIEDODANE inward: TA3824/B2B2-9575 outward: US2763/
NIEDODANE inward: TA3825/B2B2-9576 outward: US2763/
NIEDODANE inward: TA3826/B2B2-9577 outward: US2763/
NIEDODANE inward: TA3827/B2B2-9578 outward: US2763/
NIEDODANE inward: TA3828/B2B2-9579 outward: US2763/
NIEDODANE inward: TA3829/B2B2-9580 outward: US2763/
NIEDODANE inward: TA3830/B2B2-9581 outward: US2763/
NIEDODANE inward: TA3831/B2B2-9582 outward: US2763/
NIEDODANE inward: TA3832/B2B2-9583 outward: US2763/
NIEDODANE inward: TA3833/B2B2-9584 outward: US2763/
NIEDODANE inward: TA3834/B2B2-9585 outward: US2763/
NIEDODANE inward: TA3835/B2B2-9586 outward: US2763/
NIEDODANE inward: TA3836/B2B2-9587 outward: US2763/
NIEDODANE inward: TA3837/B2B2-9588 outward: US2763/
NIEDODANE inward: TA3838/B2B2-9589 outward: US2763/
NIEDODANE inward: TA3850/B2B2-9601 outward: US2749/
NIEDODANE inward: TA3852/B2B2-9603 outward: US2709/
NIEDODANE inward: TA3853/B2B2-9604 outward: US2709/
NIEDODANE inward: TA3854/B2B2-9605 outward: US2709/
NIEDODANE inward: TA3855/B2B2-9606 outward: US2709/
NIEDODANE inward: TA3856/B2B2-9607 outward: US2709/
NIEDODANE inward: TA3857/B2B2-9608 outward: US2709/
NIEDODANE inward: TA3858/B2B2-9609 outward: US2709/
NIEDODANE inward: TA3859/B2B2-9610 outward: US2709/
NIEDODANE inward: TA3860/B2B2-9611 outward: US2709/
NIEDODANE inward: TA3861/B2B2-9612 outward: US2709/
NIEDODANE inward: TA3862/B2B2-9613 outward: US2709/
NIEDODANE inward: TA3863/B2B2-9614 outward: US2709/
NIEDODANE inward: TA3864/B2B2-9615 outward: US2709/
NIEDODANE inward: TA3880/B2B2-9631 outward: US2769/
NIEDODANE inward: TA3881/B2B2-9632 outward: US2769/
NIEDODANE inward: TA3882/B2B2-9633 outward: US2769/
NIEDODANE inward: TA3883/B2B2-9634 outward: US2769/
NIEDODANE inward: TA3884/B2B2-9635 outward: US2769/
NIEDODANE inward: TA3885/B2B2-9636 outward: US2769/
NIEDODANE inward: TA3886/B2B2-9637 outward: US2769/
NIEDODANE inward: TA3887/B2B2-9638 outward: US2769/
NIEDODANE inward: TA3888/B2B2-9639 outward: US2769/
NIEDODANE inward: TA3889/B2B2-9640 outward: US2769/
NIEDODANE inward: TA3890/B2B2-9641 outward: US2769/
NIEDODANE inward: TA3891/B2B2-9642 outward: US2769/
NIEDODANE inward: TA3892/B2B2-9643 outward: US2769/
NIEDODANE inward: TA3893/B2B2-9644 outward: US2769/
NIEDODANE inward: TA3894/B2B2-9645 outward: US2769/
NIEDODANE inward: TA3895/B2B2-9646 outward: US2769/
NIEDODANE inward: TA3896/B2B2-9647 outward: US2769/
NIEDODANE inward: TA3897/B2B2-9648 outward: US2769/
NIEDODANE inward: TA3898/B2B2-9649 outward: US2769/
NIEDODANE inward: TA3899/B2B2-9650 outward: US2769/
NIEDODANE inward: TA3900/B2B2-9651 outward: US2769/
NIEDODANE inward: TA3901/B2B2-9652 outward: US2769/
NIEDODANE inward: TA3902/B2B2-9653 outward: US2769/
NIEDODANE inward: TA3903/B2B2-9654 outward: US2769/
NIEDODANE inward: TA3904/B2B2-9655 outward: US2769/
NIEDODANE inward: TA3905/B2B2-9656 outward: US2769/